[2026-06-18 09:46:01] Attempting to set wallpaper: /home/riezzo/.config/activebg//Wall.png
[2026-06-18 09:46:01] Successfully set wallpaper: /home/riezzo/.config/activebg//Wall.png
[2026-06-18 16:34:15] Attempting to set wallpaper: /home/riezzo/.config/activebg//Wall.png
[2026-06-18 16:34:15] Successfully set wallpaper: /home/riezzo/.config/activebg//Wall.png
[2026-06-19 17:48:47] Attempting to set wallpaper: /home/riezzo/.config/activebg//Wall.png
[2026-06-19 17:48:48] Successfully set wallpaper: /home/riezzo/.config/activebg//Wall.png
[2026-06-20 06:19:21] Attempting to set wallpaper: /home/riezzo/.config/activebg//Wall.png
[2026-06-20 06:19:21] Successfully set wallpaper: /home/riezzo/.config/activebg//Wall.png
[2026-06-20 13:35:01] Attempting to set wallpaper: /home/riezzo/.config/activebg//Wall.png
[2026-06-20 13:35:01] Successfully set wallpaper: /home/riezzo/.config/activebg//Wall.png
[2026-08-02 14:14:36] Attempting to set wallpaper: /home/riezzo/.config/activebg//Wall.png
[2026-08-02 14:14:36] Successfully set wallpaper: /home/riezzo/.config/activebg//Wall.png
[2026-08-02 14:14:57] Attempting to set wallpaper: /home/riezzo/.config/activebg//Wall.png
[2026-08-02 14:14:57] Successfully set wallpaper: /home/riezzo/.config/activebg//Wall.png
[2026-08-02 14:15:19] Attempting to set wallpaper: /home/riezzo/.config/activebg//Wall.png
[2026-08-02 14:15:20] Successfully set wallpaper: /home/riezzo/.config/activebg//Wall.png
[2026-08-02 14:20:47] Attempting to set wallpaper: /home/riezzo/.config/activebg//Wall.png
[2026-08-02 14:20:47] Successfully set wallpaper: /home/riezzo/.config/activebg//Wall.png
[2026-08-02 14:21:07] Attempting to set wallpaper: /home/riezzo/.config/activebg//Wall.png
[2026-08-02 14:21:07] Successfully set wallpaper: /home/riezzo/.config/activebg//Wall.png
[2026-08-02 14:21:29] Attempting to set wallpaper: /home/riezzo/.config/activebg//Wall.png
[2026-08-02 14:21:29] Successfully set wallpaper: /home/riezzo/.config/activebg//Wall.png
[2026-08-02 14:21:47] Attempting to set wallpaper: /home/riezzo/.config/activebg//Wall.png
[2026-08-02 14:21:47] Successfully set wallpaper: /home/riezzo/.config/activebg//Wall.png
[2026-08-02 14:22:14] Attempting to set wallpaper: /home/riezzo/.config/activebg//Wall.png
[2026-08-02 14:22:14] Successfully set wallpaper: /home/riezzo/.config/activebg//Wall.png
[2026-08-02 14:22:34] Attempting to set wallpaper: /home/riezzo/.config/activebg//Wall.png
[2026-08-02 14:22:34] Successfully set wallpaper: /home/riezzo/.config/activebg//Wall.png
[2026-08-02 14:22:55] Attempting to set wallpaper: /home/riezzo/.config/activebg//Wall.png
[2026-08-02 14:22:55] Successfully set wallpaper: /home/riezzo/.config/activebg//Wall.png
[2026-08-02 14:24:11] Attempting to set wallpaper: /home/riezzo/.config/activebg//Wall.png
[2026-08-02 14:24:11] Successfully set wallpaper: /home/riezzo/.config/activebg//Wall.png
[2026-08-02 14:32:07] Attempting to set wallpaper: /home/riezzo/.config/activebg//Wall.png
[2026-08-02 14:32:07] Successfully set wallpaper: /home/riezzo/.config/activebg//Wall.png
[2026-08-08 06:20:55] Attempting to set wallpaper: /home/riezzo/.config/activebg//Wall.png
[2026-08-08 06:20:55] Successfully set wallpaper: /home/riezzo/.config/activebg//Wall.png
[2026-08-08 06:56:28] Attempting to set wallpaper: /home/riezzo/.config/activebg//Wall.png
[2026-08-08 06:56:28] Successfully set wallpaper: /home/riezzo/.config/activebg//Wall.png
[2026-08-08 10:23:04] Attempting to set wallpaper: /home/riezzo/.config/activebg//Wall.png
[2026-08-08 10:23:04] Successfully set wallpaper: /home/riezzo/.config/activebg//Wall.png
[2026-08-08 10:29:13] Attempting to set wallpaper: /home/riezzo/.config/activebg//Wall.png
[2026-08-08 10:29:13] Successfully set wallpaper: /home/riezzo/.config/activebg//Wall.png
[2026-08-08 13:46:02] Attempting to set wallpaper: /home/riezzo/.config/activebg//Wall.png
[2026-08-08 13:46:02] Successfully set wallpaper: /home/riezzo/.config/activebg//Wall.png
[2026-08-09 06:20:49] Attempting to set wallpaper: /home/riezzo/.config/activebg//Wall.png
[2026-08-09 06:20:50] Successfully set wallpaper: /home/riezzo/.config/activebg//Wall.png
[2026-08-09 20:40:55] Attempting to set wallpaper: /home/riezzo/.config/activebg//Wall.png
[2026-08-09 20:40:55] Successfully set wallpaper: /home/riezzo/.config/activebg//Wall.png
[2026-08-14 22:00:30] Attempting to set wallpaper: /home/dev/.config/activebg//Wall.png
[2026-08-14 22:00:30] Successfully set wallpaper: /home/dev/.config/activebg//Wall.png
[2026-08-14 22:05:39] Attempting to set wallpaper: /home/dev/.config/activebg//Wall.png
[2026-08-14 22:05:39] Successfully set wallpaper: /home/dev/.config/activebg//Wall.png
[2026-08-14 22:12:34] Attempting to set wallpaper: /home/dev/.config/activebg//Wall.png
[2026-08-14 22:12:34] Successfully set wallpaper: /home/dev/.config/activebg//Wall.png
[2026-08-15 05:46:37] Attempting to set wallpaper: /home/dev/.config/activebg//Wall.png
[2026-08-15 05:46:37] Successfully set wallpaper: /home/dev/.config/activebg//Wall.png
[2026-08-15 09:28:28] Attempting to set wallpaper: /home/riezzo/.config/activebg//Wall.png
[2026-08-15 09:28:28] Successfully set wallpaper: /home/riezzo/.config/activebg//Wall.png
[2026-08-15 09:30:10] Attempting to set wallpaper: /home/riezzo/.config/activebg//Wall.png
[2026-08-15 09:30:10] Failed to set wallpaper: /home/riezzo/.config/activebg//Wall.png
[2026-08-15 09:33:36] Attempting to set wallpaper: /home/riezzo/.config/activebg//Wall.png
[2026-08-15 09:33:36] Successfully set wallpaper: /home/riezzo/.config/activebg//Wall.png
[2026-08-15 09:57:16] Attempting to set wallpaper: /home/riezzo/.config/activebg//Wall.png
[2026-08-15 09:57:16] Successfully set wallpaper: /home/riezzo/.config/activebg//Wall.png
